<testsuites id="" name="" tests="50" failures="31" skipped="19" errors="0" time="118.12812800000002">
<testsuite name="facebook-integration.spec.ts" timestamp="2025-07-31T11:55:52.480Z" hostname="chromium" tests="10" failures="10" skipped="0" time="301.203" errors="0">
<testcase name="Facebook Integration › should display Facebook integration page" classname="facebook-integration.spec.ts" time="30.133">
<failure message="facebook-integration.spec.ts:26:3 should display Facebook integration page" type="FAILURE">
<![CDATA[  [chromium] › facebook-integration.spec.ts:26:3 › Facebook Integration › should display Facebook integration page 

    Test timeout of 30000ms exceeded while running "beforeEach" hook.

      4 |   let page: Page;
      5 |
    > 6 |   test.beforeEach(async ({ browser }) => {
        |        ^
      7 |     page = await browser.newPage();
      8 |     
      9 |     // Navigate to sign in page
        at /home/noob/PubHub/tests/facebook-integration.spec.ts:6:8

    Error: page.fill: Target page, context or browser has been closed
    Call log:
      - waiting for locator('input[type="email"]')


      11 |     
      12 |     // Sign in with test credentials
    > 13 |     await page.fill('input[type="email"]', 'test@user.com');
         |                ^
      14 |     await page.fill('input[type="password"]', 'testpassword');
      15 |     await page.click('button[type="submit"]');
      16 |     
        at /home/noob/PubHub/tests/facebook-integration.spec.ts:13:16

    attachment #1: screenshot (image/png) ──────────────────────────────────────────────────────────
    ../test-results/facebook-integration-Faceb-16504-y-Facebook-integration-page-chromium/test-failed-1.png
    ────────────────────────────────────────────────────────────────────────────────────────────────
]]>
</failure>
<system-out>
<![CDATA[
[[ATTACHMENT|facebook-integration-Faceb-16504-y-Facebook-integration-page-chromium/test-failed-1.png]]
]]>
</system-out>
</testcase>
<testcase name="Facebook Integration › should show configuration error when Facebook is not configured" classname="facebook-integration.spec.ts" time="30.124">
<failure message="facebook-integration.spec.ts:38:3 should show configuration error when Facebook is not configured" type="FAILURE">
<![CDATA[  [chromium] › facebook-integration.spec.ts:38:3 › Facebook Integration › should show configuration error when Facebook is not configured 

    Test timeout of 30000ms exceeded while running "beforeEach" hook.

      4 |   let page: Page;
      5 |
    > 6 |   test.beforeEach(async ({ browser }) => {
        |        ^
      7 |     page = await browser.newPage();
      8 |     
      9 |     // Navigate to sign in page
        at /home/noob/PubHub/tests/facebook-integration.spec.ts:6:8

    Error: page.fill: Target page, context or browser has been closed
    Call log:
      - waiting for locator('input[type="email"]')


      11 |     
      12 |     // Sign in with test credentials
    > 13 |     await page.fill('input[type="email"]', 'test@user.com');
         |                ^
      14 |     await page.fill('input[type="password"]', 'testpassword');
      15 |     await page.click('button[type="submit"]');
      16 |     
        at /home/noob/PubHub/tests/facebook-integration.spec.ts:13:16

    attachment #1: screenshot (image/png) ──────────────────────────────────────────────────────────
    ../test-results/facebook-integration-Faceb-38097--Facebook-is-not-configured-chromium/test-failed-1.png
    ────────────────────────────────────────────────────────────────────────────────────────────────
]]>
</failure>
<system-out>
<![CDATA[
[[ATTACHMENT|facebook-integration-Faceb-38097--Facebook-is-not-configured-chromium/test-failed-1.png]]
]]>
</system-out>
</testcase>
<testcase name="Facebook Integration › should navigate to Facebook connect page" classname="facebook-integration.spec.ts" time="30.133">
<failure message="facebook-integration.spec.ts:53:3 should navigate to Facebook connect page" type="FAILURE">
<![CDATA[  [chromium] › facebook-integration.spec.ts:53:3 › Facebook Integration › should navigate to Facebook connect page 

    Test timeout of 30000ms exceeded while running "beforeEach" hook.

      4 |   let page: Page;
      5 |
    > 6 |   test.beforeEach(async ({ browser }) => {
        |        ^
      7 |     page = await browser.newPage();
      8 |     
      9 |     // Navigate to sign in page
        at /home/noob/PubHub/tests/facebook-integration.spec.ts:6:8

    Error: page.fill: Target page, context or browser has been closed
    Call log:
      - waiting for locator('input[type="email"]')


      11 |     
      12 |     // Sign in with test credentials
    > 13 |     await page.fill('input[type="email"]', 'test@user.com');
         |                ^
      14 |     await page.fill('input[type="password"]', 'testpassword');
      15 |     await page.click('button[type="submit"]');
      16 |     
        at /home/noob/PubHub/tests/facebook-integration.spec.ts:13:16

    attachment #1: screenshot (image/png) ──────────────────────────────────────────────────────────
    ../test-results/facebook-integration-Faceb-697aa-te-to-Facebook-connect-page-chromium/test-failed-1.png
    ────────────────────────────────────────────────────────────────────────────────────────────────
]]>
</failure>
<system-out>
<![CDATA[
[[ATTACHMENT|facebook-integration-Faceb-697aa-te-to-Facebook-connect-page-chromium/test-failed-1.png]]
]]>
</system-out>
</testcase>
<testcase name="Facebook Integration › should handle OAuth callback flow" classname="facebook-integration.spec.ts" time="30.136">
<failure message="facebook-integration.spec.ts:64:3 should handle OAuth callback flow" type="FAILURE">
<![CDATA[  [chromium] › facebook-integration.spec.ts:64:3 › Facebook Integration › should handle OAuth callback flow 

    Test timeout of 30000ms exceeded while running "beforeEach" hook.

      4 |   let page: Page;
      5 |
    > 6 |   test.beforeEach(async ({ browser }) => {
        |        ^
      7 |     page = await browser.newPage();
      8 |     
      9 |     // Navigate to sign in page
        at /home/noob/PubHub/tests/facebook-integration.spec.ts:6:8

    Error: page.fill: Target page, context or browser has been closed
    Call log:
      - waiting for locator('input[type="email"]')


      11 |     
      12 |     // Sign in with test credentials
    > 13 |     await page.fill('input[type="email"]', 'test@user.com');
         |                ^
      14 |     await page.fill('input[type="password"]', 'testpassword');
      15 |     await page.click('button[type="submit"]');
      16 |     
        at /home/noob/PubHub/tests/facebook-integration.spec.ts:13:16

    attachment #1: screenshot (image/png) ──────────────────────────────────────────────────────────
    ../test-results/facebook-integration-Faceb-0c032--handle-OAuth-callback-flow-chromium/test-failed-1.png
    ────────────────────────────────────────────────────────────────────────────────────────────────
]]>
</failure>
<system-out>
<![CDATA[
[[ATTACHMENT|facebook-integration-Faceb-0c032--handle-OAuth-callback-flow-chromium/test-failed-1.png]]
]]>
</system-out>
</testcase>
<testcase name="Facebook Integration › should display empty state when no Facebook accounts connected" classname="facebook-integration.spec.ts" time="30.137">
<failure message="facebook-integration.spec.ts:76:3 should display empty state when no Facebook accounts connected" type="FAILURE">
<![CDATA[  [chromium] › facebook-integration.spec.ts:76:3 › Facebook Integration › should display empty state when no Facebook accounts connected 

    Test timeout of 30000ms exceeded while running "beforeEach" hook.

      4 |   let page: Page;
      5 |
    > 6 |   test.beforeEach(async ({ browser }) => {
        |        ^
      7 |     page = await browser.newPage();
      8 |     
      9 |     // Navigate to sign in page
        at /home/noob/PubHub/tests/facebook-integration.spec.ts:6:8

    Error: page.fill: Target page, context or browser has been closed
    Call log:
      - waiting for locator('input[type="email"]')


      11 |     
      12 |     // Sign in with test credentials
    > 13 |     await page.fill('input[type="email"]', 'test@user.com');
         |                ^
      14 |     await page.fill('input[type="password"]', 'testpassword');
      15 |     await page.click('button[type="submit"]');
      16 |     
        at /home/noob/PubHub/tests/facebook-integration.spec.ts:13:16

    attachment #1: screenshot (image/png) ──────────────────────────────────────────────────────────
    ../test-results/facebook-integration-Faceb-abdef-Facebook-accounts-connected-chromium/test-failed-1.png
    ────────────────────────────────────────────────────────────────────────────────────────────────
]]>
</failure>
<system-out>
<![CDATA[
[[ATTACHMENT|facebook-integration-Faceb-abdef-Facebook-accounts-connected-chromium/test-failed-1.png]]
]]>
</system-out>
</testcase>
<testcase name="Facebook Integration › should validate Facebook client configuration methods" classname="facebook-integration.spec.ts" time="30.126">
<failure message="facebook-integration.spec.ts:84:3 should validate Facebook client configuration methods" type="FAILURE">
<![CDATA[  [chromium] › facebook-integration.spec.ts:84:3 › Facebook Integration › should validate Facebook client configuration methods 

    Test timeout of 30000ms exceeded while running "beforeEach" hook.

      4 |   let page: Page;
      5 |
    > 6 |   test.beforeEach(async ({ browser }) => {
        |        ^
      7 |     page = await browser.newPage();
      8 |     
      9 |     // Navigate to sign in page
        at /home/noob/PubHub/tests/facebook-integration.spec.ts:6:8

    Error: page.fill: Target page, context or browser has been closed
    Call log:
      - waiting for locator('input[type="email"]')


      11 |     
      12 |     // Sign in with test credentials
    > 13 |     await page.fill('input[type="email"]', 'test@user.com');
         |                ^
      14 |     await page.fill('input[type="password"]', 'testpassword');
      15 |     await page.click('button[type="submit"]');
      16 |     
        at /home/noob/PubHub/tests/facebook-integration.spec.ts:13:16

    attachment #1: screenshot (image/png) ──────────────────────────────────────────────────────────
    ../test-results/facebook-integration-Faceb-cf43b-lient-configuration-methods-chromium/test-failed-1.png
    ────────────────────────────────────────────────────────────────────────────────────────────────
]]>
</failure>
<system-out>
<![CDATA[
[[ATTACHMENT|facebook-integration-Faceb-cf43b-lient-configuration-methods-chromium/test-failed-1.png]]
]]>
</system-out>
</testcase>
<testcase name="Facebook Integration › should have proper routing for Facebook pages" classname="facebook-integration.spec.ts" time="30.136">
<failure message="facebook-integration.spec.ts:113:3 should have proper routing for Facebook pages" type="FAILURE">
<![CDATA[  [chromium] › facebook-integration.spec.ts:113:3 › Facebook Integration › should have proper routing for Facebook pages 

    Test timeout of 30000ms exceeded while running "beforeEach" hook.

      4 |   let page: Page;
      5 |
    > 6 |   test.beforeEach(async ({ browser }) => {
        |        ^
      7 |     page = await browser.newPage();
      8 |     
      9 |     // Navigate to sign in page
        at /home/noob/PubHub/tests/facebook-integration.spec.ts:6:8

    Error: page.fill: Target page, context or browser has been closed
    Call log:
      - waiting for locator('input[type="email"]')


      11 |     
      12 |     // Sign in with test credentials
    > 13 |     await page.fill('input[type="email"]', 'test@user.com');
         |                ^
      14 |     await page.fill('input[type="password"]', 'testpassword');
      15 |     await page.click('button[type="submit"]');
      16 |     
        at /home/noob/PubHub/tests/facebook-integration.spec.ts:13:16

    attachment #1: screenshot (image/png) ──────────────────────────────────────────────────────────
    ../test-results/facebook-integration-Faceb-362fe--routing-for-Facebook-pages-chromium/test-failed-1.png
    ────────────────────────────────────────────────────────────────────────────────────────────────
]]>
</failure>
<system-out>
<![CDATA[
[[ATTACHMENT|facebook-integration-Faceb-362fe--routing-for-Facebook-pages-chromium/test-failed-1.png]]
]]>
</system-out>
</testcase>
<testcase name="Facebook Integration › should display Facebook integration in navigation or dashboard" classname="facebook-integration.spec.ts" time="30.133">
<failure message="facebook-integration.spec.ts:127:3 should display Facebook integration in navigation or dashboard" type="FAILURE">
<![CDATA[  [chromium] › facebook-integration.spec.ts:127:3 › Facebook Integration › should display Facebook integration in navigation or dashboard 

    Test timeout of 30000ms exceeded while running "beforeEach" hook.

      4 |   let page: Page;
      5 |
    > 6 |   test.beforeEach(async ({ browser }) => {
        |        ^
      7 |     page = await browser.newPage();
      8 |     
      9 |     // Navigate to sign in page
        at /home/noob/PubHub/tests/facebook-integration.spec.ts:6:8

    Error: page.fill: Target page, context or browser has been closed
    Call log:
      - waiting for locator('input[type="email"]')


      11 |     
      12 |     // Sign in with test credentials
    > 13 |     await page.fill('input[type="email"]', 'test@user.com');
         |                ^
      14 |     await page.fill('input[type="password"]', 'testpassword');
      15 |     await page.click('button[type="submit"]');
      16 |     
        at /home/noob/PubHub/tests/facebook-integration.spec.ts:13:16

    attachment #1: screenshot (image/png) ──────────────────────────────────────────────────────────
    ../test-results/facebook-integration-Faceb-5986e--in-navigation-or-dashboard-chromium/test-failed-1.png
    ────────────────────────────────────────────────────────────────────────────────────────────────
]]>
</failure>
<system-out>
<![CDATA[
[[ATTACHMENT|facebook-integration-Faceb-5986e--in-navigation-or-dashboard-chromium/test-failed-1.png]]
]]>
</system-out>
</testcase>
<testcase name="Facebook Integration › should handle Facebook API errors gracefully" classname="facebook-integration.spec.ts" time="30.076">
<failure message="facebook-integration.spec.ts:139:3 should handle Facebook API errors gracefully" type="FAILURE">
<![CDATA[  [chromium] › facebook-integration.spec.ts:139:3 › Facebook Integration › should handle Facebook API errors gracefully 

    Test timeout of 30000ms exceeded while running "beforeEach" hook.

      4 |   let page: Page;
      5 |
    > 6 |   test.beforeEach(async ({ browser }) => {
        |        ^
      7 |     page = await browser.newPage();
      8 |     
      9 |     // Navigate to sign in page
        at /home/noob/PubHub/tests/facebook-integration.spec.ts:6:8

    Error: page.fill: Target page, context or browser has been closed
    Call log:
      - waiting for locator('input[type="email"]')


      11 |     
      12 |     // Sign in with test credentials
    > 13 |     await page.fill('input[type="email"]', 'test@user.com');
         |                ^
      14 |     await page.fill('input[type="password"]', 'testpassword');
      15 |     await page.click('button[type="submit"]');
      16 |     
        at /home/noob/PubHub/tests/facebook-integration.spec.ts:13:16

    attachment #1: screenshot (image/png) ──────────────────────────────────────────────────────────
    ../test-results/facebook-integration-Faceb-a7978-ebook-API-errors-gracefully-chromium/test-failed-1.png
    ────────────────────────────────────────────────────────────────────────────────────────────────
]]>
</failure>
<system-out>
<![CDATA[
[[ATTACHMENT|facebook-integration-Faceb-a7978-ebook-API-errors-gracefully-chromium/test-failed-1.png]]
]]>
</system-out>
</testcase>
<testcase name="Facebook Integration › should have responsive design for Facebook pages" classname="facebook-integration.spec.ts" time="30.069">
<failure message="facebook-integration.spec.ts:161:3 should have responsive design for Facebook pages" type="FAILURE">
<![CDATA[  [chromium] › facebook-integration.spec.ts:161:3 › Facebook Integration › should have responsive design for Facebook pages 

    Test timeout of 30000ms exceeded while running "beforeEach" hook.

      4 |   let page: Page;
      5 |
    > 6 |   test.beforeEach(async ({ browser }) => {
        |        ^
      7 |     page = await browser.newPage();
      8 |     
      9 |     // Navigate to sign in page
        at /home/noob/PubHub/tests/facebook-integration.spec.ts:6:8

    Error: page.fill: Target page, context or browser has been closed
    Call log:
      - waiting for locator('input[type="email"]')


      11 |     
      12 |     // Sign in with test credentials
    > 13 |     await page.fill('input[type="email"]', 'test@user.com');
         |                ^
      14 |     await page.fill('input[type="password"]', 'testpassword');
      15 |     await page.click('button[type="submit"]');
      16 |     
        at /home/noob/PubHub/tests/facebook-integration.spec.ts:13:16

    attachment #1: screenshot (image/png) ──────────────────────────────────────────────────────────
    ../test-results/facebook-integration-Faceb-b3390-e-design-for-Facebook-pages-chromium/test-failed-1.png
    ────────────────────────────────────────────────────────────────────────────────────────────────
]]>
</failure>
<system-out>
<![CDATA[
[[ATTACHMENT|facebook-integration-Faceb-b3390-e-design-for-Facebook-pages-chromium/test-failed-1.png]]
]]>
</system-out>
</testcase>
</testsuite>
<testsuite name="facebook-integration.spec.ts" timestamp="2025-07-31T11:55:52.480Z" hostname="firefox" tests="10" failures="10" skipped="0" time="300.361" errors="0">
<testcase name="Facebook Integration › should display Facebook integration page" classname="facebook-integration.spec.ts" time="30.038">
<failure message="facebook-integration.spec.ts:26:3 should display Facebook integration page" type="FAILURE">
<![CDATA[  [firefox] › facebook-integration.spec.ts:26:3 › Facebook Integration › should display Facebook integration page 

    Test timeout of 30000ms exceeded while running "beforeEach" hook.

      4 |   let page: Page;
      5 |
    > 6 |   test.beforeEach(async ({ browser }) => {
        |        ^
      7 |     page = await browser.newPage();
      8 |     
      9 |     // Navigate to sign in page
        at /home/noob/PubHub/tests/facebook-integration.spec.ts:6:8

    Error: page.fill: Target page, context or browser has been closed
    Call log:
      - waiting for locator('input[type="email"]')


      11 |     
      12 |     // Sign in with test credentials
    > 13 |     await page.fill('input[type="email"]', 'test@user.com');
         |                ^
      14 |     await page.fill('input[type="password"]', 'testpassword');
      15 |     await page.click('button[type="submit"]');
      16 |     
        at /home/noob/PubHub/tests/facebook-integration.spec.ts:13:16

    attachment #1: screenshot (image/png) ──────────────────────────────────────────────────────────
    ../test-results/facebook-integration-Faceb-16504-y-Facebook-integration-page-firefox/test-failed-1.png
    ────────────────────────────────────────────────────────────────────────────────────────────────
]]>
</failure>
<system-out>
<![CDATA[
[[ATTACHMENT|facebook-integration-Faceb-16504-y-Facebook-integration-page-firefox/test-failed-1.png]]
]]>
</system-out>
</testcase>
<testcase name="Facebook Integration › should show configuration error when Facebook is not configured" classname="facebook-integration.spec.ts" time="30.033">
<failure message="facebook-integration.spec.ts:38:3 should show configuration error when Facebook is not configured" type="FAILURE">
<![CDATA[  [firefox] › facebook-integration.spec.ts:38:3 › Facebook Integration › should show configuration error when Facebook is not configured 

    Test timeout of 30000ms exceeded while running "beforeEach" hook.

      4 |   let page: Page;
      5 |
    > 6 |   test.beforeEach(async ({ browser }) => {
        |        ^
      7 |     page = await browser.newPage();
      8 |     
      9 |     // Navigate to sign in page
        at /home/noob/PubHub/tests/facebook-integration.spec.ts:6:8

    Error: page.fill: Target page, context or browser has been closed
    Call log:
      - waiting for locator('input[type="email"]')


      11 |     
      12 |     // Sign in with test credentials
    > 13 |     await page.fill('input[type="email"]', 'test@user.com');
         |                ^
      14 |     await page.fill('input[type="password"]', 'testpassword');
      15 |     await page.click('button[type="submit"]');
      16 |     
        at /home/noob/PubHub/tests/facebook-integration.spec.ts:13:16

    attachment #1: screenshot (image/png) ──────────────────────────────────────────────────────────
    ../test-results/facebook-integration-Faceb-38097--Facebook-is-not-configured-firefox/test-failed-1.png
    ────────────────────────────────────────────────────────────────────────────────────────────────
]]>
</failure>
<system-out>
<![CDATA[
[[ATTACHMENT|facebook-integration-Faceb-38097--Facebook-is-not-configured-firefox/test-failed-1.png]]
]]>
</system-out>
</testcase>
<testcase name="Facebook Integration › should navigate to Facebook connect page" classname="facebook-integration.spec.ts" time="30.04">
<failure message="facebook-integration.spec.ts:53:3 should navigate to Facebook connect page" type="FAILURE">
<![CDATA[  [firefox] › facebook-integration.spec.ts:53:3 › Facebook Integration › should navigate to Facebook connect page 

    Test timeout of 30000ms exceeded while running "beforeEach" hook.

      4 |   let page: Page;
      5 |
    > 6 |   test.beforeEach(async ({ browser }) => {
        |        ^
      7 |     page = await browser.newPage();
      8 |     
      9 |     // Navigate to sign in page
        at /home/noob/PubHub/tests/facebook-integration.spec.ts:6:8

    Error: page.fill: Target page, context or browser has been closed
    Call log:
      - waiting for locator('input[type="email"]')


      11 |     
      12 |     // Sign in with test credentials
    > 13 |     await page.fill('input[type="email"]', 'test@user.com');
         |                ^
      14 |     await page.fill('input[type="password"]', 'testpassword');
      15 |     await page.click('button[type="submit"]');
      16 |     
        at /home/noob/PubHub/tests/facebook-integration.spec.ts:13:16

    attachment #1: screenshot (image/png) ──────────────────────────────────────────────────────────
    ../test-results/facebook-integration-Faceb-697aa-te-to-Facebook-connect-page-firefox/test-failed-1.png
    ────────────────────────────────────────────────────────────────────────────────────────────────
]]>
</failure>
<system-out>
<![CDATA[
[[ATTACHMENT|facebook-integration-Faceb-697aa-te-to-Facebook-connect-page-firefox/test-failed-1.png]]
]]>
</system-out>
</testcase>
<testcase name="Facebook Integration › should handle OAuth callback flow" classname="facebook-integration.spec.ts" time="30.045">
<failure message="facebook-integration.spec.ts:64:3 should handle OAuth callback flow" type="FAILURE">
<![CDATA[  [firefox] › facebook-integration.spec.ts:64:3 › Facebook Integration › should handle OAuth callback flow 

    Test timeout of 30000ms exceeded while running "beforeEach" hook.

      4 |   let page: Page;
      5 |
    > 6 |   test.beforeEach(async ({ browser }) => {
        |        ^
      7 |     page = await browser.newPage();
      8 |     
      9 |     // Navigate to sign in page
        at /home/noob/PubHub/tests/facebook-integration.spec.ts:6:8

    Error: page.fill: Target page, context or browser has been closed
    Call log:
      - waiting for locator('input[type="email"]')


      11 |     
      12 |     // Sign in with test credentials
    > 13 |     await page.fill('input[type="email"]', 'test@user.com');
         |                ^
      14 |     await page.fill('input[type="password"]', 'testpassword');
      15 |     await page.click('button[type="submit"]');
      16 |     
        at /home/noob/PubHub/tests/facebook-integration.spec.ts:13:16

    attachment #1: screenshot (image/png) ──────────────────────────────────────────────────────────
    ../test-results/facebook-integration-Faceb-0c032--handle-OAuth-callback-flow-firefox/test-failed-1.png
    ────────────────────────────────────────────────────────────────────────────────────────────────
]]>
</failure>
<system-out>
<![CDATA[
[[ATTACHMENT|facebook-integration-Faceb-0c032--handle-OAuth-callback-flow-firefox/test-failed-1.png]]
]]>
</system-out>
</testcase>
<testcase name="Facebook Integration › should display empty state when no Facebook accounts connected" classname="facebook-integration.spec.ts" time="30.033">
<failure message="facebook-integration.spec.ts:76:3 should display empty state when no Facebook accounts connected" type="FAILURE">
<![CDATA[  [firefox] › facebook-integration.spec.ts:76:3 › Facebook Integration › should display empty state when no Facebook accounts connected 

    Test timeout of 30000ms exceeded while running "beforeEach" hook.

      4 |   let page: Page;
      5 |
    > 6 |   test.beforeEach(async ({ browser }) => {
        |        ^
      7 |     page = await browser.newPage();
      8 |     
      9 |     // Navigate to sign in page
        at /home/noob/PubHub/tests/facebook-integration.spec.ts:6:8

    Error: page.fill: Target page, context or browser has been closed
    Call log:
      - waiting for locator('input[type="email"]')


      11 |     
      12 |     // Sign in with test credentials
    > 13 |     await page.fill('input[type="email"]', 'test@user.com');
         |                ^
      14 |     await page.fill('input[type="password"]', 'testpassword');
      15 |     await page.click('button[type="submit"]');
      16 |     
        at /home/noob/PubHub/tests/facebook-integration.spec.ts:13:16

    attachment #1: screenshot (image/png) ──────────────────────────────────────────────────────────
    ../test-results/facebook-integration-Faceb-abdef-Facebook-accounts-connected-firefox/test-failed-1.png
    ────────────────────────────────────────────────────────────────────────────────────────────────
]]>
</failure>
<system-out>
<![CDATA[
[[ATTACHMENT|facebook-integration-Faceb-abdef-Facebook-accounts-connected-firefox/test-failed-1.png]]
]]>
</system-out>
</testcase>
<testcase name="Facebook Integration › should validate Facebook client configuration methods" classname="facebook-integration.spec.ts" time="30.045">
<failure message="facebook-integration.spec.ts:84:3 should validate Facebook client configuration methods" type="FAILURE">
<![CDATA[  [firefox] › facebook-integration.spec.ts:84:3 › Facebook Integration › should validate Facebook client configuration methods 

    Test timeout of 30000ms exceeded while running "beforeEach" hook.

      4 |   let page: Page;
      5 |
    > 6 |   test.beforeEach(async ({ browser }) => {
        |        ^
      7 |     page = await browser.newPage();
      8 |     
      9 |     // Navigate to sign in page
        at /home/noob/PubHub/tests/facebook-integration.spec.ts:6:8

    Error: page.fill: Target page, context or browser has been closed
    Call log:
      - waiting for locator('input[type="email"]')


      11 |     
      12 |     // Sign in with test credentials
    > 13 |     await page.fill('input[type="email"]', 'test@user.com');
         |                ^
      14 |     await page.fill('input[type="password"]', 'testpassword');
      15 |     await page.click('button[type="submit"]');
      16 |     
        at /home/noob/PubHub/tests/facebook-integration.spec.ts:13:16

    attachment #1: screenshot (image/png) ──────────────────────────────────────────────────────────
    ../test-results/facebook-integration-Faceb-cf43b-lient-configuration-methods-firefox/test-failed-1.png
    ────────────────────────────────────────────────────────────────────────────────────────────────
]]>
</failure>
<system-out>
<![CDATA[
[[ATTACHMENT|facebook-integration-Faceb-cf43b-lient-configuration-methods-firefox/test-failed-1.png]]
]]>
</system-out>
</testcase>
<testcase name="Facebook Integration › should have proper routing for Facebook pages" classname="facebook-integration.spec.ts" time="30.031">
<failure message="facebook-integration.spec.ts:113:3 should have proper routing for Facebook pages" type="FAILURE">
<![CDATA[  [firefox] › facebook-integration.spec.ts:113:3 › Facebook Integration › should have proper routing for Facebook pages 

    Test timeout of 30000ms exceeded while running "beforeEach" hook.

      4 |   let page: Page;
      5 |
    > 6 |   test.beforeEach(async ({ browser }) => {
        |        ^
      7 |     page = await browser.newPage();
      8 |     
      9 |     // Navigate to sign in page
        at /home/noob/PubHub/tests/facebook-integration.spec.ts:6:8

    Error: page.fill: Target page, context or browser has been closed
    Call log:
      - waiting for locator('input[type="email"]')


      11 |     
      12 |     // Sign in with test credentials
    > 13 |     await page.fill('input[type="email"]', 'test@user.com');
         |                ^
      14 |     await page.fill('input[type="password"]', 'testpassword');
      15 |     await page.click('button[type="submit"]');
      16 |     
        at /home/noob/PubHub/tests/facebook-integration.spec.ts:13:16

    attachment #1: screenshot (image/png) ──────────────────────────────────────────────────────────
    ../test-results/facebook-integration-Faceb-362fe--routing-for-Facebook-pages-firefox/test-failed-1.png
    ────────────────────────────────────────────────────────────────────────────────────────────────
]]>
</failure>
<system-out>
<![CDATA[
[[ATTACHMENT|facebook-integration-Faceb-362fe--routing-for-Facebook-pages-firefox/test-failed-1.png]]
]]>
</system-out>
</testcase>
<testcase name="Facebook Integration › should display Facebook integration in navigation or dashboard" classname="facebook-integration.spec.ts" time="30.03">
<failure message="facebook-integration.spec.ts:127:3 should display Facebook integration in navigation or dashboard" type="FAILURE">
<![CDATA[  [firefox] › facebook-integration.spec.ts:127:3 › Facebook Integration › should display Facebook integration in navigation or dashboard 

    Test timeout of 30000ms exceeded while running "beforeEach" hook.

      4 |   let page: Page;
      5 |
    > 6 |   test.beforeEach(async ({ browser }) => {
        |        ^
      7 |     page = await browser.newPage();
      8 |     
      9 |     // Navigate to sign in page
        at /home/noob/PubHub/tests/facebook-integration.spec.ts:6:8

    Error: page.fill: Target page, context or browser has been closed
    Call log:
      - waiting for locator('input[type="email"]')


      11 |     
      12 |     // Sign in with test credentials
    > 13 |     await page.fill('input[type="email"]', 'test@user.com');
         |                ^
      14 |     await page.fill('input[type="password"]', 'testpassword');
      15 |     await page.click('button[type="submit"]');
      16 |     
        at /home/noob/PubHub/tests/facebook-integration.spec.ts:13:16

    attachment #1: screenshot (image/png) ──────────────────────────────────────────────────────────
    ../test-results/facebook-integration-Faceb-5986e--in-navigation-or-dashboard-firefox/test-failed-1.png
    ────────────────────────────────────────────────────────────────────────────────────────────────
]]>
</failure>
<system-out>
<![CDATA[
[[ATTACHMENT|facebook-integration-Faceb-5986e--in-navigation-or-dashboard-firefox/test-failed-1.png]]
]]>
</system-out>
</testcase>
<testcase name="Facebook Integration › should handle Facebook API errors gracefully" classname="facebook-integration.spec.ts" time="30.035">
<failure message="facebook-integration.spec.ts:139:3 should handle Facebook API errors gracefully" type="FAILURE">
<![CDATA[  [firefox] › facebook-integration.spec.ts:139:3 › Facebook Integration › should handle Facebook API errors gracefully 

    Test timeout of 30000ms exceeded while running "beforeEach" hook.

      4 |   let page: Page;
      5 |
    > 6 |   test.beforeEach(async ({ browser }) => {
        |        ^
      7 |     page = await browser.newPage();
      8 |     
      9 |     // Navigate to sign in page
        at /home/noob/PubHub/tests/facebook-integration.spec.ts:6:8

    Error: page.fill: Target page, context or browser has been closed
    Call log:
      - waiting for locator('input[type="email"]')


      11 |     
      12 |     // Sign in with test credentials
    > 13 |     await page.fill('input[type="email"]', 'test@user.com');
         |                ^
      14 |     await page.fill('input[type="password"]', 'testpassword');
      15 |     await page.click('button[type="submit"]');
      16 |     
        at /home/noob/PubHub/tests/facebook-integration.spec.ts:13:16

    attachment #1: screenshot (image/png) ──────────────────────────────────────────────────────────
    ../test-results/facebook-integration-Faceb-a7978-ebook-API-errors-gracefully-firefox/test-failed-1.png
    ────────────────────────────────────────────────────────────────────────────────────────────────
]]>
</failure>
<system-out>
<![CDATA[
[[ATTACHMENT|facebook-integration-Faceb-a7978-ebook-API-errors-gracefully-firefox/test-failed-1.png]]
]]>
</system-out>
</testcase>
<testcase name="Facebook Integration › should have responsive design for Facebook pages" classname="facebook-integration.spec.ts" time="30.031">
<failure message="facebook-integration.spec.ts:161:3 should have responsive design for Facebook pages" type="FAILURE">
<![CDATA[  [firefox] › facebook-integration.spec.ts:161:3 › Facebook Integration › should have responsive design for Facebook pages 

    Test timeout of 30000ms exceeded while running "beforeEach" hook.

      4 |   let page: Page;
      5 |
    > 6 |   test.beforeEach(async ({ browser }) => {
        |        ^
      7 |     page = await browser.newPage();
      8 |     
      9 |     // Navigate to sign in page
        at /home/noob/PubHub/tests/facebook-integration.spec.ts:6:8

    Error: page.fill: Target page, context or browser has been closed
    Call log:
      - waiting for locator('input[type="email"]')


      11 |     
      12 |     // Sign in with test credentials
    > 13 |     await page.fill('input[type="email"]', 'test@user.com');
         |                ^
      14 |     await page.fill('input[type="password"]', 'testpassword');
      15 |     await page.click('button[type="submit"]');
      16 |     
        at /home/noob/PubHub/tests/facebook-integration.spec.ts:13:16

    attachment #1: screenshot (image/png) ──────────────────────────────────────────────────────────
    ../test-results/facebook-integration-Faceb-b3390-e-design-for-Facebook-pages-firefox/test-failed-1.png
    ────────────────────────────────────────────────────────────────────────────────────────────────
]]>
</failure>
<system-out>
<![CDATA[
[[ATTACHMENT|facebook-integration-Faceb-b3390-e-design-for-Facebook-pages-firefox/test-failed-1.png]]
]]>
</system-out>
</testcase>
</testsuite>
<testsuite name="facebook-integration.spec.ts" timestamp="2025-07-31T11:55:52.480Z" hostname="webkit" tests="10" failures="7" skipped="3" time="220.356" errors="0">
<testcase name="Facebook Integration › should display Facebook integration page" classname="facebook-integration.spec.ts" time="30.127">
<failure message="facebook-integration.spec.ts:26:3 should display Facebook integration page" type="FAILURE">
<![CDATA[  [webkit] › facebook-integration.spec.ts:26:3 › Facebook Integration › should display Facebook integration page 

    Test timeout of 30000ms exceeded while running "beforeEach" hook.

      4 |   let page: Page;
      5 |
    > 6 |   test.beforeEach(async ({ browser }) => {
        |        ^
      7 |     page = await browser.newPage();
      8 |     
      9 |     // Navigate to sign in page
        at /home/noob/PubHub/tests/facebook-integration.spec.ts:6:8

    Error: page.fill: Target page, context or browser has been closed
    Call log:
      - waiting for locator('input[type="email"]')


      11 |     
      12 |     // Sign in with test credentials
    > 13 |     await page.fill('input[type="email"]', 'test@user.com');
         |                ^
      14 |     await page.fill('input[type="password"]', 'testpassword');
      15 |     await page.click('button[type="submit"]');
      16 |     
        at /home/noob/PubHub/tests/facebook-integration.spec.ts:13:16

    attachment #1: screenshot (image/png) ──────────────────────────────────────────────────────────
    ../test-results/facebook-integration-Faceb-16504-y-Facebook-integration-page-webkit/test-failed-1.png
    ────────────────────────────────────────────────────────────────────────────────────────────────
]]>
</failure>
<system-out>
<![CDATA[
[[ATTACHMENT|facebook-integration-Faceb-16504-y-Facebook-integration-page-webkit/test-failed-1.png]]
]]>
</system-out>
</testcase>
<testcase name="Facebook Integration › should show configuration error when Facebook is not configured" classname="facebook-integration.spec.ts" time="30.13">
<failure message="facebook-integration.spec.ts:38:3 should show configuration error when Facebook is not configured" type="FAILURE">
<![CDATA[  [webkit] › facebook-integration.spec.ts:38:3 › Facebook Integration › should show configuration error when Facebook is not configured 

    Test timeout of 30000ms exceeded while running "beforeEach" hook.

      4 |   let page: Page;
      5 |
    > 6 |   test.beforeEach(async ({ browser }) => {
        |        ^
      7 |     page = await browser.newPage();
      8 |     
      9 |     // Navigate to sign in page
        at /home/noob/PubHub/tests/facebook-integration.spec.ts:6:8

    Error: page.fill: Target page, context or browser has been closed
    Call log:
      - waiting for locator('input[type="email"]')


      11 |     
      12 |     // Sign in with test credentials
    > 13 |     await page.fill('input[type="email"]', 'test@user.com');
         |                ^
      14 |     await page.fill('input[type="password"]', 'testpassword');
      15 |     await page.click('button[type="submit"]');
      16 |     
        at /home/noob/PubHub/tests/facebook-integration.spec.ts:13:16

    attachment #1: screenshot (image/png) ──────────────────────────────────────────────────────────
    ../test-results/facebook-integration-Faceb-38097--Facebook-is-not-configured-webkit/test-failed-1.png
    ────────────────────────────────────────────────────────────────────────────────────────────────
]]>
</failure>
<system-out>
<![CDATA[
[[ATTACHMENT|facebook-integration-Faceb-38097--Facebook-is-not-configured-webkit/test-failed-1.png]]
]]>
</system-out>
</testcase>
<testcase name="Facebook Integration › should navigate to Facebook connect page" classname="facebook-integration.spec.ts" time="30.122">
<failure message="facebook-integration.spec.ts:53:3 should navigate to Facebook connect page" type="FAILURE">
<![CDATA[  [webkit] › facebook-integration.spec.ts:53:3 › Facebook Integration › should navigate to Facebook connect page 

    Test timeout of 30000ms exceeded while running "beforeEach" hook.

      4 |   let page: Page;
      5 |
    > 6 |   test.beforeEach(async ({ browser }) => {
        |        ^
      7 |     page = await browser.newPage();
      8 |     
      9 |     // Navigate to sign in page
        at /home/noob/PubHub/tests/facebook-integration.spec.ts:6:8

    Error: page.fill: Target page, context or browser has been closed
    Call log:
      - waiting for locator('input[type="email"]')


      11 |     
      12 |     // Sign in with test credentials
    > 13 |     await page.fill('input[type="email"]', 'test@user.com');
         |                ^
      14 |     await page.fill('input[type="password"]', 'testpassword');
      15 |     await page.click('button[type="submit"]');
      16 |     
        at /home/noob/PubHub/tests/facebook-integration.spec.ts:13:16

    attachment #1: screenshot (image/png) ──────────────────────────────────────────────────────────
    ../test-results/facebook-integration-Faceb-697aa-te-to-Facebook-connect-page-webkit/test-failed-1.png
    ────────────────────────────────────────────────────────────────────────────────────────────────
]]>
</failure>
<system-out>
<![CDATA[
[[ATTACHMENT|facebook-integration-Faceb-697aa-te-to-Facebook-connect-page-webkit/test-failed-1.png]]
]]>
</system-out>
</testcase>
<testcase name="Facebook Integration › should handle OAuth callback flow" classname="facebook-integration.spec.ts" time="30.165">
<failure message="facebook-integration.spec.ts:64:3 should handle OAuth callback flow" type="FAILURE">
<![CDATA[  [webkit] › facebook-integration.spec.ts:64:3 › Facebook Integration › should handle OAuth callback flow 

    Test timeout of 30000ms exceeded while running "beforeEach" hook.

      4 |   let page: Page;
      5 |
    > 6 |   test.beforeEach(async ({ browser }) => {
        |        ^
      7 |     page = await browser.newPage();
      8 |     
      9 |     // Navigate to sign in page
        at /home/noob/PubHub/tests/facebook-integration.spec.ts:6:8

    Error: page.fill: Target page, context or browser has been closed
    Call log:
      - waiting for locator('input[type="email"]')


      11 |     
      12 |     // Sign in with test credentials
    > 13 |     await page.fill('input[type="email"]', 'test@user.com');
         |                ^
      14 |     await page.fill('input[type="password"]', 'testpassword');
      15 |     await page.click('button[type="submit"]');
      16 |     
        at /home/noob/PubHub/tests/facebook-integration.spec.ts:13:16

    attachment #1: screenshot (image/png) ──────────────────────────────────────────────────────────
    ../test-results/facebook-integration-Faceb-0c032--handle-OAuth-callback-flow-webkit/test-failed-1.png
    ────────────────────────────────────────────────────────────────────────────────────────────────
]]>
</failure>
<system-out>
<![CDATA[
[[ATTACHMENT|facebook-integration-Faceb-0c032--handle-OAuth-callback-flow-webkit/test-failed-1.png]]
]]>
</system-out>
</testcase>
<testcase name="Facebook Integration › should display empty state when no Facebook accounts connected" classname="facebook-integration.spec.ts" time="23.264">
<skipped>
</skipped>
</testcase>
<testcase name="Facebook Integration › should validate Facebook client configuration methods" classname="facebook-integration.spec.ts" time="22.983">
<skipped>
</skipped>
</testcase>
<testcase name="Facebook Integration › should have proper routing for Facebook pages" classname="facebook-integration.spec.ts" time="22.116">
<skipped>
</skipped>
</testcase>
<testcase name="Facebook Integration › should display Facebook integration in navigation or dashboard" classname="facebook-integration.spec.ts" time="11.83">
<failure message="facebook-integration.spec.ts:127:3 should display Facebook integration in navigation or dashboard" type="FAILURE">
<![CDATA[  [webkit] › facebook-integration.spec.ts:127:3 › Facebook Integration › should display Facebook integration in navigation or dashboard 

    Error: page.fill: Target page, context or browser has been closed
    Call log:
      - waiting for locator('input[type="email"]')


      11 |     
      12 |     // Sign in with test credentials
    > 13 |     await page.fill('input[type="email"]', 'test@user.com');
         |                ^
      14 |     await page.fill('input[type="password"]', 'testpassword');
      15 |     await page.click('button[type="submit"]');
      16 |     
        at /home/noob/PubHub/tests/facebook-integration.spec.ts:13:16
]]>
</failure>
</testcase>
<testcase name="Facebook Integration › should handle Facebook API errors gracefully" classname="facebook-integration.spec.ts" time="10.329">
<failure message="facebook-integration.spec.ts:139:3 should handle Facebook API errors gracefully" type="FAILURE">
<![CDATA[  [webkit] › facebook-integration.spec.ts:139:3 › Facebook Integration › should handle Facebook API errors gracefully 

    Error: page.fill: Target page, context or browser has been closed
    Call log:
      - waiting for locator('input[type="email"]')


      11 |     
      12 |     // Sign in with test credentials
    > 13 |     await page.fill('input[type="email"]', 'test@user.com');
         |                ^
      14 |     await page.fill('input[type="password"]', 'testpassword');
      15 |     await page.click('button[type="submit"]');
      16 |     
        at /home/noob/PubHub/tests/facebook-integration.spec.ts:13:16
]]>
</failure>
</testcase>
<testcase name="Facebook Integration › should have responsive design for Facebook pages" classname="facebook-integration.spec.ts" time="9.29">
<failure message="facebook-integration.spec.ts:161:3 should have responsive design for Facebook pages" type="FAILURE">
<![CDATA[  [webkit] › facebook-integration.spec.ts:161:3 › Facebook Integration › should have responsive design for Facebook pages 

    Error: page.fill: Target page, context or browser has been closed
    Call log:
      - waiting for locator('input[type="email"]')


      11 |     
      12 |     // Sign in with test credentials
    > 13 |     await page.fill('input[type="email"]', 'test@user.com');
         |                ^
      14 |     await page.fill('input[type="password"]', 'testpassword');
      15 |     await page.click('button[type="submit"]');
      16 |     
        at /home/noob/PubHub/tests/facebook-integration.spec.ts:13:16
]]>
</failure>
</testcase>
</testsuite>
<testsuite name="facebook-integration.spec.ts" timestamp="2025-07-31T11:55:52.480Z" hostname="Mobile Chrome" tests="10" failures="4" skipped="6" time="70.1" errors="0">
<testcase name="Facebook Integration › should display Facebook integration page" classname="facebook-integration.spec.ts" time="20.684">
<skipped>
</skipped>
</testcase>
<testcase name="Facebook Integration › should show configuration error when Facebook is not configured" classname="facebook-integration.spec.ts" time="20.259">
<skipped>
</skipped>
</testcase>
<testcase name="Facebook Integration › should navigate to Facebook connect page" classname="facebook-integration.spec.ts" time="8.714">
<failure message="facebook-integration.spec.ts:53:3 should navigate to Facebook connect page" type="FAILURE">
<![CDATA[  [Mobile Chrome] › facebook-integration.spec.ts:53:3 › Facebook Integration › should navigate to Facebook connect page 

    Error: page.fill: Target page, context or browser has been closed
    Call log:
      - waiting for locator('input[type="email"]')


      11 |     
      12 |     // Sign in with test credentials
    > 13 |     await page.fill('input[type="email"]', 'test@user.com');
         |                ^
      14 |     await page.fill('input[type="password"]', 'testpassword');
      15 |     await page.click('button[type="submit"]');
      16 |     
        at /home/noob/PubHub/tests/facebook-integration.spec.ts:13:16
]]>
</failure>
</testcase>
<testcase name="Facebook Integration › should handle OAuth callback flow" classname="facebook-integration.spec.ts" time="7.77">
<failure message="facebook-integration.spec.ts:64:3 should handle OAuth callback flow" type="FAILURE">
<![CDATA[  [Mobile Chrome] › facebook-integration.spec.ts:64:3 › Facebook Integration › should handle OAuth callback flow 

    Error: page.fill: Target page, context or browser has been closed
    Call log:
      - waiting for locator('input[type="email"]')


      11 |     
      12 |     // Sign in with test credentials
    > 13 |     await page.fill('input[type="email"]', 'test@user.com');
         |                ^
      14 |     await page.fill('input[type="password"]', 'testpassword');
      15 |     await page.click('button[type="submit"]');
      16 |     
        at /home/noob/PubHub/tests/facebook-integration.spec.ts:13:16
]]>
</failure>
</testcase>
<testcase name="Facebook Integration › should display empty state when no Facebook accounts connected" classname="facebook-integration.spec.ts" time="5.452">
<failure message="facebook-integration.spec.ts:76:3 should display empty state when no Facebook accounts connected" type="FAILURE">
<![CDATA[  [Mobile Chrome] › facebook-integration.spec.ts:76:3 › Facebook Integration › should display empty state when no Facebook accounts connected 

    Error: page.fill: Target page, context or browser has been closed
    Call log:
      - waiting for locator('input[type="email"]')


      11 |     
      12 |     // Sign in with test credentials
    > 13 |     await page.fill('input[type="email"]', 'test@user.com');
         |                ^
      14 |     await page.fill('input[type="password"]', 'testpassword');
      15 |     await page.click('button[type="submit"]');
      16 |     
        at /home/noob/PubHub/tests/facebook-integration.spec.ts:13:16
]]>
</failure>
</testcase>
<testcase name="Facebook Integration › should validate Facebook client configuration methods" classname="facebook-integration.spec.ts" time="0.37">
<failure message="facebook-integration.spec.ts:84:3 should validate Facebook client configuration methods" type="FAILURE">
<![CDATA[  [Mobile Chrome] › facebook-integration.spec.ts:84:3 › Facebook Integration › should validate Facebook client configuration methods 

    Error: page.fill: Target page, context or browser has been closed
    Call log:
      - waiting for locator('input[type="email"]')


      11 |     
      12 |     // Sign in with test credentials
    > 13 |     await page.fill('input[type="email"]', 'test@user.com');
         |                ^
      14 |     await page.fill('input[type="password"]', 'testpassword');
      15 |     await page.click('button[type="submit"]');
      16 |     
        at /home/noob/PubHub/tests/facebook-integration.spec.ts:13:16
]]>
</failure>
</testcase>
<testcase name="Facebook Integration › should have proper routing for Facebook pages" classname="facebook-integration.spec.ts" time="2.638">
<skipped>
</skipped>
</testcase>
<testcase name="Facebook Integration › should display Facebook integration in navigation or dashboard" classname="facebook-integration.spec.ts" time="2.197">
<skipped>
</skipped>
</testcase>
<testcase name="Facebook Integration › should handle Facebook API errors gracefully" classname="facebook-integration.spec.ts" time="2.016">
<skipped>
</skipped>
</testcase>
<testcase name="Facebook Integration › should have responsive design for Facebook pages" classname="facebook-integration.spec.ts" time="0">
<skipped>
</skipped>
</testcase>
</testsuite>
<testsuite name="facebook-integration.spec.ts" timestamp="2025-07-31T11:55:52.480Z" hostname="Mobile Safari" tests="10" failures="0" skipped="10" time="0" errors="0">
<testcase name="Facebook Integration › should display Facebook integration page" classname="facebook-integration.spec.ts" time="0">
<skipped>
</skipped>
</testcase>
<testcase name="Facebook Integration › should show configuration error when Facebook is not configured" classname="facebook-integration.spec.ts" time="0">
<skipped>
</skipped>
</testcase>
<testcase name="Facebook Integration › should navigate to Facebook connect page" classname="facebook-integration.spec.ts" time="0">
<skipped>
</skipped>
</testcase>
<testcase name="Facebook Integration › should handle OAuth callback flow" classname="facebook-integration.spec.ts" time="0">
<skipped>
</skipped>
</testcase>
<testcase name="Facebook Integration › should display empty state when no Facebook accounts connected" classname="facebook-integration.spec.ts" time="0">
<skipped>
</skipped>
</testcase>
<testcase name="Facebook Integration › should validate Facebook client configuration methods" classname="facebook-integration.spec.ts" time="0">
<skipped>
</skipped>
</testcase>
<testcase name="Facebook Integration › should have proper routing for Facebook pages" classname="facebook-integration.spec.ts" time="0">
<skipped>
</skipped>
</testcase>
<testcase name="Facebook Integration › should display Facebook integration in navigation or dashboard" classname="facebook-integration.spec.ts" time="0">
<skipped>
</skipped>
</testcase>
<testcase name="Facebook Integration › should handle Facebook API errors gracefully" classname="facebook-integration.spec.ts" time="0">
<skipped>
</skipped>
</testcase>
<testcase name="Facebook Integration › should have responsive design for Facebook pages" classname="facebook-integration.spec.ts" time="0">
<skipped>
</skipped>
</testcase>
</testsuite>
</testsuites>